// Jest Snapshot v1, https://goo.gl/fbAQLP

exports[`<TouchSupportSensor> returns expected default state 1`] = `
Object {
  "touchSupported": false,
}
`;
